RAM Allocation [bytes]
Variable                                                                          Address   Size
------------------------------------------------------------------------------------------------
rtc_status                                                                        0x0500       1
i                                                                                 0x0501       2
text1                                                                             0x0503      16
text2                                                                             0x0513      16
_base_y                                                                           0x0523       4
_lcd_x                                                                            0x0527       1
_lcd_y                                                                            0x0528       1
_lcd_maxx                                                                         0x0529       1
_seed                                                                             0x052A       4

EEPROM Allocation [bytes]
Variable                                                                          Address   Size
------------------------------------------------------------------------------------------------

Register Allocation
Variable                                                                          Register  Size
------------------------------------------------------------------------------------------------
hdetik                                                                            R5           1
detik                                                                             R4           1
menit                                                                             R7           1
jam                                                                               R6           1
hari                                                                              R9           1
bulan                                                                             R8           1
setjam                                                                            R11          1
setmenit                                                                          R10          1
tahun                                                                             R12,R13      2
rtc_alarm                                                                         R2.0      1bit

FLASH Allocation [words]
Function                                                                          Address   Size
------------------------------------------------------------------------------------------------
ext_int0_isr                                                                      0x000DC      8
main                                                                              0x000E4    213
rtc_read                                                                          0x001B9     31
rtc_write                                                                         0x001D8     19
rtc_get_status                                                                    0x001EB     11
rtc_init                                                                          0x001F6     38
rtc_hold_off                                                                      0x0021C      7
rtc_hold_on                                                                       0x00223      7
rtc_read_bcd                                                                      0x0022A      9
rtc_write_word                                                                    0x00233     19
rtc_get_time                                                                      0x00246     36
rtc_get_date                                                                      0x0026A     69
_lcd_write_nibble_G101                                                            0x002AF     21
_lcd_write_data                                                                   0x002C4     13
lcd_gotoxy                                                                        0x002D1     17
lcd_clear                                                                         0x002E2     14
lcd_putchar                                                                       0x002F0     34
lcd_puts                                                                          0x00312     17
lcd_init                                                                          0x00323     47
getchar                                                                           0x00352      4
putchar                                                                           0x00356      7
put_usart_G102                                                                    0x0035D     10
put_buff_G102                                                                     0x00367     57
_print_G102                                                                       0x003A0    308
sprintf                                                                           0x004D4     46
printf                                                                            0x00502     31
get_usart_G102                                                                    0x00521     22
_scanf_G102                                                                       0x00537    322
scanf                                                                             0x00679     29
abs                                                                               0x00696     10
bcd2bin                                                                           0x006A0     13
isdigit                                                                           0x006AD      9
isspace                                                                           0x006B6     11
isxdigit                                                                          0x006C1     15
strlen                                                                            0x006D0     12
strlenf                                                                           0x006DC     13
